<html>
<body>
<pre>
<h1>µVision Build Log</h1>
<h2>Tool Versions:</h2>
IDE-Version: •ÏVision V5.36.0.0
Copyright (C) 2021 ARM Ltd and ARM Germany GmbH. All rights reserved.
License Information: woobin lee, kpu, LIC=----
 
Tool Versions:
Toolchain:       MDK-Lite  Version: 5.36.0.0
Toolchain Path:  C:\Keil_v5\ARM\ARMCC\Bin
C Compiler:      Armcc.exe V5.06 update 7 (build 960)
Assembler:       Armasm.exe V5.06 update 7 (build 960)
Linker/Locator:  ArmLink.exe V5.06 update 7 (build 960)
Library Manager: ArmAr.exe V5.06 update 7 (build 960)
Hex Converter:   FromElf.exe V5.06 update 7 (build 960)
CPU DLL:         SARMCM3.DLL V5.36.0.0
Dialog DLL:      DCM.DLL V1.17.3.0
Target DLL:      STLink\ST-LINKIII-KEIL_SWO.dll V3.0.9.0
Dialog DLL:      TCM.DLL V1.53.0.0
 
<h2>Project:</h2>
C:\RobotArmProject0806\MDK-ARM\RobotArmProject0806.uvprojx
Project File Date:  08/19/2022

<h2>Output:</h2>
*** Using Compiler 'V5.06 update 7 (build 960)', folder: 'C:\Keil_v5\ARM\ARMCC\Bin'
Build target 'RobotArmProject0806'
compiling main.c...
../Core/Inc/pca9685.h(96): warning:  #1-D: last line of file ends without a newline
  #endif /* PCA9685_H_ */
../Core/Src/main.c(139): warning:  #188-D: enumerated type mixed with another type
  DcPIND_11OFF();
../Core/Src/main.c(140): warning:  #188-D: enumerated type mixed with another type
  DcPIND_12ON();
../Core/Src/main.c(142): warning:  #188-D: enumerated type mixed with another type
  DcPIND_11ON();
../Core/Src/main.c(143): warning:  #188-D: enumerated type mixed with another type
  DcPIND_12ON();
../Core/Src/main.c(228): warning:  #188-D: enumerated type mixed with another type
  			HAL_GPIO_WritePin(GPIOE,GPIO_PIN_2,0); // AIN -> 0 // dc sipza driver
../Core/Src/main.c(229): warning:  #188-D: enumerated type mixed with another type
        HAL_GPIO_WritePin(GPIOE,GPIO_PIN_3,1);
../Core/Src/main.c(233): warning:  #188-D: enumerated type mixed with another type
  			HAL_GPIO_WritePin(GPIOE,GPIO_PIN_2,0); // AIN -> 0 // dc sipza driver
../Core/Src/main.c(234): warning:  #188-D: enumerated type mixed with another type
        HAL_GPIO_WritePin(GPIOE,GPIO_PIN_3,1);
../Core/Src/main.c(238): warning:  #188-D: enumerated type mixed with another type
  			HAL_GPIO_WritePin(GPIOE,GPIO_PIN_2,0); // AIN -> 0 // dc sipza driver
../Core/Src/main.c(239): warning:  #188-D: enumerated type mixed with another type
        HAL_GPIO_WritePin(GPIOE,GPIO_PIN_3,1);
../Core/Src/main.c(243): warning:  #188-D: enumerated type mixed with another type
  			HAL_GPIO_WritePin(GPIOE,GPIO_PIN_2,0); // AIN -> 0 // dc sipza driver
../Core/Src/main.c(244): warning:  #188-D: enumerated type mixed with another type
        HAL_GPIO_WritePin(GPIOE,GPIO_PIN_3,1);
../Core/Src/main.c(248): warning:  #188-D: enumerated type mixed with another type
  			HAL_GPIO_WritePin(GPIOE,GPIO_PIN_2,0); // AIN -> 0 // dc sipza driver
../Core/Src/main.c(249): warning:  #188-D: enumerated type mixed with another type
        HAL_GPIO_WritePin(GPIOE,GPIO_PIN_3,1);
../Core/Src/main.c(251): warning:  #188-D: enumerated type mixed with another type
  			HAL_GPIO_WritePin(GPIOE,GPIO_PIN_2,1); // AIN -> 0 // dc sipza driver
../Core/Src/main.c(252): warning:  #188-D: enumerated type mixed with another type
        HAL_GPIO_WritePin(GPIOE,GPIO_PIN_3,1);
../Core/Src/main.c(256): warning:  #188-D: enumerated type mixed with another type
  			HAL_GPIO_WritePin(GPIOE,GPIO_PIN_2,0); // AIN -> 0 // dc sipza driver
../Core/Src/main.c(257): warning:  #188-D: enumerated type mixed with another type
        HAL_GPIO_WritePin(GPIOE,GPIO_PIN_3,1);
../Core/Src/main.c(269): warning:  #188-D: enumerated type mixed with another type
  			HAL_GPIO_WritePin(GPIOE,GPIO_PIN_2,1); // AIN -> 0 // dc sipza driver
../Core/Src/main.c(270): warning:  #188-D: enumerated type mixed with another type
        HAL_GPIO_WritePin(GPIOE,GPIO_PIN_3,1);
../Core/Src/main.c(279): warning:  #188-D: enumerated type mixed with another type
  DcPIND_11ON();
../Core/Src/main.c(280): warning:  #188-D: enumerated type mixed with another type
  DcPIND_12OFF();
../Core/Src/main.c(282): warning:  #188-D: enumerated type mixed with another type
  DcPIND_11ON();
../Core/Src/main.c(283): warning:  #188-D: enumerated type mixed with another type
  DcPIND_12ON();
../Core/Src/main.c(118): warning:  #177-D: variable "data"  was declared but never referenced
  	uint8_t data;
../Core/Src/main.c: 26 warnings, 0 errors
linking...
Program Size: Code=18598 RO-data=486 RW-data=20 ZI-data=1956  
FromELF: creating hex file...
"RobotArmProject0806\RobotArmProject0806.axf" - 0 Error(s), 26 Warning(s).

<h2>Software Packages used:</h2>

Package Vendor: ARM
                http://www.keil.com/pack/ARM.CMSIS.5.8.0.pack
                ARM.CMSIS.5.8.0
                CMSIS (Common Microcontroller Software Interface Standard)
   * Component: CORE Version: 5.5.0

Package Vendor: Keil
                http://www.keil.com/pack/Keil.STM32F4xx_DFP.2.15.0.pack
                Keil.STM32F4xx_DFP.2.15.0
                STMicroelectronics STM32F4 Series Device Support, Drivers and Examples

<h2>Collection of Component include folders:</h2>
  .\RTE\_RobotArmProject0806
  C:\Users\lwbdldnqls\AppData\Local\Arm\Packs\ARM\CMSIS\5.8.0\CMSIS\Core\Include
  C:\Users\lwbdldnqls\AppData\Local\Arm\Packs\Keil\STM32F4xx_DFP\2.15.0\Drivers\CMSIS\Device\ST\STM32F4xx\Include

<h2>Collection of Component Files used:</h2>

   * Component: ARM::CMSIS:CORE:5.5.0
      Include file:  CMSIS\Core\Include\tz_context.h
Build Time Elapsed:  00:00:03
</pre>
</body>
</html>
